// Jest Snapshot v1, https://jestjs.io/docs/snapshot-testing

exports[`toHaveQueueSize should fail if queue size does not match 1`] = `
"expect(received).toHaveQueueSize(expectedCount)
      
      Expected queue size:
        2
      Received:
        1
      Queue contents:
        [{\"id\": 0, \"payload\": \"test\", \"type\": \"test\"}]"
`;
