// Jest Snapshot v1, https://jestjs.io/docs/snapshot-testing

exports[`toHaveBeenAcked should fail if message was not acked 1`] = `
"expect(received).toHaveBeenAcked(expectedMessage)

      Expected message to be acked:
        {"payload": "test", "type": "test"}
      Acked messages:
        []"
`;
